
                                                                19-JUN-1992 16:23        VAX-11 Linker V05-09             Page    1

                                             +------------------------+
                                             ! Object Module Synopsis !
                                             +------------------------+

Module Name     Ident              Bytes      File                                Creation Date      Creator
-----------     -----              -----      -----                               -------------      -------
LSLSHR          07AU90                  0 [LSLSYSTEM.LIB]LSLSHR.EXE;19         13-APR-1992 15:01  VAX-11 Linker V05-05
FORRTL          V05-000                 0 SYS$COMMON:[SYSLIB]FORRTL.EXE;12     12-OCT-1991 04:25  VAX-11 Linker V05-09
LIBRTL          V05-001                 0 SYS$COMMON:[SYSLIB]LIBRTL.EXE;13     12-OCT-1991 04:20  VAX-11 Linker V05-09
LIBRTL2         V05-000                 0 SYS$COMMON:[SYSLIB]LIBRTL2.EXE;10    12-OCT-1991 04:20  VAX-11 Linker V05-09
MOSS2TXT        22AP91              10609 [CONVERT.MOSS2TXT]MOSS2TXT.OBJ;20    16-Jun-1992 13:48  VAX FORTRAN V5.3-50
MOSS2TXT_CLD    '22AP91'              188 [CONVERT.MOSS2TXT]MOSS2TXT_CLD.OBJ;9 16-JUN-1992 11:53  VAX/VMS Command Definition Uti
CMDLIN          22AP91              11426 [CONVERT.MOSS2TXT]CMDLIN.OBJ;11      12-Jun-1992 11:00  VAX FORTRAN V5.3-50
GET_FILES       22AP91              11256 [CONVERT.MOSS2TXT]GET_FILES.OBJ;8    12-Jun-1992 11:00  VAX FORTRAN V5.3-50
PROCESS_GR      22AP91             130834 [CONVERT.MOSS2TXT]PROCESS_GR.OBJ;20  16-Jun-1992 11:53  VAX FORTRAN V5.3-50
PROCESS_OS      22AP91              99764 [CONVERT.MOSS2TXT]PROCESS_OS.OBJ;38  19-Jun-1992 16:22  VAX FORTRAN V5.3-50
PROCESS_PR      22AP91             130499 [CONVERT.MOSS2TXT]PROCESS_PR.OBJ;12  16-Jun-1992 11:53  VAX FORTRAN V5.3-50

                                            +--------------------------+
                                            ! Program Section Synopsis !
                                            +--------------------------+

Psect Name      Module Name       Base     End           Length            Align                 Attributes
----------      -----------       ----     ---           ------            -----                 ----------
$PDATA                          00000200 000008EA 000006EB (       1771.) LONG 2   PIC,USR,CON,REL,LCL,  SHR,NOEXE,  RD,NOWRT,NOVEC
                MOSS2TXT        00000200 00000215 00000016 (         22.) LONG 2
                CMDLIN          00000218 00000236 0000001F (         31.) LONG 2
                GET_FILES       00000238 00000279 00000042 (         66.) LONG 2
                PROCESS_GR      0000027C 00000480 00000205 (        517.) LONG 2
                PROCESS_OS      00000484 000006EA 00000267 (        615.) LONG 2
                PROCESS_PR      000006EC 000008EA 000001FF (        511.) LONG 2
LSL_CLD                         00000600 00001C53 00001654 (       5716.) LONG 2   PIC,USR,OVR,REL,GBL,NOSHR,NOEXE,  RD,  WRT,NOVEC
                MOSS2TXT        00000600 00001C53 00001654 (       5716.) LONG 2
                CMDLIN          00000600 00001C53 00001654 (       5716.) LONG 2
                GET_FILES       00000600 00001C53 00001654 (       5716.) LONG 2
                PROCESS_GR      00000600 00001C53 00001654 (       5716.) LONG 2
                PROCESS_OS      00000600 00001C53 00001654 (       5716.) LONG 2
                PROCESS_PR      00000600 00001C53 00001654 (       5716.) LONG 2
CLI$TABLES                      000008EC 000009A7 000000BC (        188.) LONG 2   PIC,USR,CON,REL,LCL,NOSHR,NOEXE,  RD,NOWRT,NOVEC
                MOSS2TXT_CLD    000008EC 000009A7 000000BC (        188.) LONG 2
$LOCAL                          00000A00 0004C93B 0004BF3C (     311100.) QUAD 3   PIC,USR,CON,REL,LCL,NOSHR,NOEXE,  RD,  WRT,NOVEC
                MOSS2TXT        00000A00 00000A43 00000044 (         68.) LONG 2
                CMDLIN          00000A44 00000BF3 000001B0 (        432.) LONG 2
                GET_FILES       00000BF4 00000CB3 000000C0 (        192.) LONG 2
                PROCESS_GR      00000CB8 0001CA57 0001BDA0 (     114080.) QUAD 3
                PROCESS_OS      0001CA58 00030BFB 000141A4 (      82340.) QUAD 3
                PROCESS_PR      00030C00 0004C93B 0001BD3C (     113980.) QUAD 3
LSL_CLDCHR                      00001C54 00002C53 00001000 (       4096.) LONG 2   PIC,USR,OVR,REL,GBL,NOSHR,NOEXE,  RD,  WRT,NOVEC
                MOSS2TXT        00001C54 00002C53 00001000 (       4096.) LONG 2
                CMDLIN          00001C54 00002C53 00001000 (       4096.) LONG 2
                GET_FILES       00001C54 00002C53 00001000 (       4096.) LONG 2
                PROCESS_GR      00001C54 00002C53 00001000 (       4096.) LONG 2
                PROCESS_OS      00001C54 00002C53 00001000 (       4096.) LONG 2
                PROCESS_PR      00001C54 00002C53 00001000 (       4096.) LONG 2
LSL_CMDCOM                      00002C54 00002DE7 00000194 (        404.) LONG 2   PIC,USR,OVR,REL,GBL,NOSHR,NOEXE,  RD,  WRT,NOVEC

LSL$SOURCE_ROOT:[CONVERT.MOSS2TXT]MOSS2TXT.EXE;93               19-JUN-1992 16:23        VAX-11 Linker V05-09             Page    2


Psect Name      Module Name       Base     End           Length            Align                 Attributes
----------      -----------       ----     ---           ------            -----                 ----------
LSL_EXCEPTION                   00002DE8 00002DEF 00000008 (          8.) LONG 2   PIC,USR,OVR,REL,GBL,NOSHR,NOEXE,  RD,  WRT,NOVEC
LSL_EXPC                        00002DF0 000031FE 0000040F (       1039.) LONG 2   PIC,USR,OVR,REL,GBL,NOSHR,NOEXE,  RD,  WRT,NOVEC
                PROCESS_GR      00002DF0 000031FE 0000040F (       1039.) LONG 2
                PROCESS_OS      00002DF0 000031FE 0000040F (       1039.) LONG 2
                PROCESS_PR      00002DF0 000031FE 0000040F (       1039.) LONG 2
LSL_FNAM_LEN                    00003200 00003217 00000018 (         24.) LONG 2   PIC,USR,OVR,REL,GBL,NOSHR,NOEXE,  RD,  WRT,NOVEC
                CMDLIN          00003200 00003217 00000018 (         24.) LONG 2
                GET_FILES       00003200 00003217 00000018 (         24.) LONG 2
LSL_FNAM_LOG                    00003218 0000322F 00000018 (         24.) LONG 2   PIC,USR,OVR,REL,GBL,NOSHR,NOEXE,  RD,  WRT,NOVEC
                CMDLIN          00003218 0000322F 00000018 (         24.) LONG 2
                GET_FILES       00003218 0000322F 00000018 (         24.) LONG 2
LSL_FNAM_STR                    00003230 00003301 000000D2 (        210.) LONG 2   PIC,USR,OVR,REL,GBL,NOSHR,NOEXE,  RD,  WRT,NOVEC
                CMDLIN          00003230 00003301 000000D2 (        210.) LONG 2
                GET_FILES       00003230 00003301 000000D2 (        210.) LONG 2
LSL_MTIVCM                      00003304 0000330B 00000008 (          8.) LONG 2   PIC,USR,OVR,REL,GBL,NOSHR,NOEXE,  RD,  WRT,NOVEC
LSL_MTOVCM                      0000330C 0000331B 00000010 (         16.) LONG 2   PIC,USR,OVR,REL,GBL,NOSHR,NOEXE,  RD,  WRT,NOVEC
                GET_FILES       0000330C 0000331B 00000010 (         16.) LONG 2
LSL_REPORT                      0000331C 0000331F 00000004 (          4.) LONG 2   PIC,USR,OVR,REL,GBL,NOSHR,NOEXE,  RD,  WRT,NOVEC
LSL_STATUS                      00003320 00003323 00000004 (          4.) LONG 2   PIC,USR,OVR,REL,GBL,NOSHR,NOEXE,  RD,  WRT,NOVEC
                MOSS2TXT        00003320 00003323 00000004 (          4.) LONG 2
LSL_TXTC                        00003324 0000372F 0000040C (       1036.) LONG 2   PIC,USR,OVR,REL,GBL,NOSHR,NOEXE,  RD,  WRT,NOVEC
                PROCESS_GR      00003324 0000372F 0000040C (       1036.) LONG 2
                PROCESS_OS      00003324 0000372F 0000040C (       1036.) LONG 2
                PROCESS_PR      00003324 0000372F 0000040C (       1036.) LONG 2
LSL_WINDEF                      00003730 0000373A 0000000B (         11.) LONG 2   PIC,USR,OVR,REL,GBL,NOSHR,NOEXE,  RD,  WRT,NOVEC
LSL_CMDCOM_PRIVATE              0000F750 0000F84F 00000100 (        256.) LONG 2   PIC,USR,OVR,REL,GBL,NOSHR,NOEXE,  RD,  WRT,NOVEC
LSL_EXIT_HANDLER                0000F850 0000F863 00000014 (         20.) LONG 2   PIC,USR,OVR,REL,GBL,NOSHR,NOEXE,  RD,  WRT,NOVEC
LSL_INEQUAL                     0000F864 0000F875 00000012 (         18.) LONG 2   PIC,USR,OVR,REL,GBL,NOSHR,NOEXE,  RD,  WRT,NOVEC
LSL_TABLE_DEFINITION            0000F878 0000F8A3 0000002C (         44.) LONG 2   PIC,USR,OVR,REL,GBL,NOSHR,NOEXE,  RD,  WRT,NOVEC
CMDCHR                          0004C93C 0004CB3B 00000200 (        512.) LONG 2   PIC,USR,OVR,REL,GBL,  SHR,NOEXE,  RD,  WRT,NOVEC
                MOSS2TXT        0004C93C 0004CB3B 00000200 (        512.) LONG 2
                CMDLIN          0004C93C 0004CB3B 00000200 (        512.) LONG 2
                GET_FILES       0004C93C 0004CB3B 00000200 (        512.) LONG 2
                PROCESS_GR      0004C93C 0004CB3B 00000200 (        512.) LONG 2
                PROCESS_OS      0004C93C 0004CB3B 00000200 (        512.) LONG 2
                PROCESS_PR      0004C93C 0004CB3B 00000200 (        512.) LONG 2
COMMAND                         0004CB3C 0004CB43 00000008 (          8.) LONG 2   PIC,USR,OVR,REL,GBL,  SHR,NOEXE,  RD,  WRT,NOVEC
                MOSS2TXT        0004CB3C 0004CB43 00000008 (          8.) LONG 2
                CMDLIN          0004CB3C 0004CB43 00000008 (          8.) LONG 2
                GET_FILES       0004CB3C 0004CB43 00000008 (          8.) LONG 2
                PROCESS_GR      0004CB3C 0004CB43 00000008 (          8.) LONG 2
                PROCESS_OS      0004CB3C 0004CB43 00000008 (          8.) LONG 2
                PROCESS_PR      0004CB3C 0004CB43 00000008 (          8.) LONG 2
IFFHAN                          0004CB44 0004CB73 00000030 (         48.) LONG 2   PIC,USR,OVR,REL,GBL,  SHR,NOEXE,  RD,  WRT,NOVEC
                MOSS2TXT        0004CB44 0004CB73 00000030 (         48.) LONG 2
                GET_FILES       0004CB44 0004CB73 00000030 (         48.) LONG 2
IFFSTUFF                        0004CB74 0004CB83 00000010 (         16.) LONG 2   PIC,USR,OVR,REL,GBL,  SHR,NOEXE,  RD,  WRT,NOVEC
                PROCESS_GR      0004CB74 0004CB83 00000010 (         16.) LONG 2
                PROCESS_OS      0004CB74 0004CB83 00000010 (         16.) LONG 2
                PROCESS_PR      0004CB74 0004CB83 00000010 (         16.) LONG 2
$CODE                           0004CC00 0004FD64 00003165 (      12645.) LONG 2   PIC,USR,CON,REL,LCL,  SHR,  EXE,  RD,NOWRT,NOVEC
                MOSS2TXT        0004CC00 0004CC86 00000087 (        135.) LONG 2

LSL$SOURCE_ROOT:[CONVERT.MOSS2TXT]MOSS2TXT.EXE;93               19-JUN-1992 16:23        VAX-11 Linker V05-09             Page    3


Psect Name      Module Name       Base     End           Length            Align                 Attributes
----------      -----------       ----     ---           ------            -----                 ----------
$CODE                           0004CC00 0004FD64 00003165 (      12645.) LONG 2   PIC,USR,CON,REL,LCL,  SHR,  EXE,  RD,NOWRT,NOVEC 
                CMDLIN          0004CC88 0004CDFC 00000175 (        373.) LONG 2
                GET_FILES       0004CE00 0004CF57 00000158 (        344.) LONG 2
                PROCESS_GR      0004CF58 0004DE3D 00000EE6 (       3814.) LONG 2
                PROCESS_OS      0004DE40 0004EF61 00001122 (       4386.) LONG 2
                PROCESS_PR      0004EF64 0004FD64 00000E01 (       3585.) LONG 2

                                                +-----------------+
                                                ! Symbols By Name !
                                                +-----------------+

Symbol          Value              Symbol          Value              Symbol          Value              Symbol          Value
------          -----              ------          -----              ------          -----              ------          -----
BSLN            0004FE54-RX        
CMDLIN          0004CC88-R         
DCL_FILE        0004FE84-RX        
DCL_STARTUP     0004FE80-RX        
EXPAND          0004FE48-RX        
FLRCLO          0004FE98-RX        
FLRLIN          0004FE70-RX        
FLROPN          0004FE7C-RX        
FLRSEL          0004FE6C-RX        
FLWCLO          0004FE94-RX        
FLWLIN          0004FE68-RX        
FLWOPN          0004FE78-RX        
FLWSEL          0004FE64-RX        
FOR$ERRSNS      0004FEA4-RX        
GET_FILES       0004CE00-R         
LIB$INDEX       0004FEB0-RX        
LSL_ADDMSG      0004FE74-RX        
LSL_EXIT        0004FE88-RX        
LSL_INIT        0004FE90-RX        
MOSS2TXT        0004CC00-R         
MOSS2TXT_CLD    000008EC-R         
PROCESS_GR      0004CF58-R         
PROCESS_OS      0004DE40-R         
PROCESS_PR      0004EF64-R         
RDINT           0004FE5C-RX        
READSTR         0004FE60-RX        
RREAL8          0004FE58-RX        
SETAUX          0004FE50-RX        
SETWIN          0004FE4C-RX        
WRITEF          0004FE8C-RX        

LSL$SOURCE_ROOT:[CONVERT.MOSS2TXT]MOSS2TXT.EXE;93               19-JUN-1992 16:23        VAX-11 Linker V05-09             Page    4


Symbol          Value              Symbol          Value              Symbol          Value              Symbol          Value
------          -----              ------          -----              ------          -----              ------          -----




	  Key for special characters above:
		+------------------+
		! *  - Undefined   !
		! U  - Universal   !
		! R  - Relocatable !
		! X  - External    !
		! WK - Weak        !
		+------------------+

LSL$SOURCE_ROOT:[CONVERT.MOSS2TXT]MOSS2TXT.EXE;93               19-JUN-1992 16:23        VAX-11 Linker V05-09             Page    5

                                                 +----------------+
                                                 ! Image Synopsis !
                                                 +----------------+

Virtual memory allocated:                         00000200 000501FF 00050000 (327680. bytes, 640. pages)
Stack size:                                             20. pages
Image header virtual block limits:                       1.        1. (    1. block)
Image binary virtual block limits:                       2.       45. (   44. blocks)
Image name and identification:                    MOSS2TXT 22AP91
Number of files:                                        13.
Number of modules:                                      13.
Number of program sections:                             32.
Number of global symbols:                              625.
Number of image sections:                               29.
User transfer address:                            0004CC00
Debugger transfer address:                        7FFEDF68
Number of address fixups:                                4.
Number of code references to shareable images:          23.
Image type:                                       EXECUTABLE.
Map format:                                       DEFAULT in file LSL$SOURCE_ROOT:[CONVERT.MOSS2TXT]MOSS2TXT.MAP;2
Estimated map length:                             81. blocks
                                              +---------------------+
                                              ! Link Run Statistics !
                                              +---------------------+

Performance Indicators                            Page Faults	CPU Time	Elapsed Time
----------------------                            -----------	--------	------------
    Command processing:                                   167	00:00:00.65	00:00:01.35
    Pass 1:                                               213	00:00:00.87	00:00:03.99
    Allocation/Relocation:                                 21	00:00:00.07	00:00:00.25
    Pass 2:                                                96	00:00:00.73	00:00:02.70
    Map data after object module synopsis:                  9	00:00:00.18	00:00:00.22
    Symbol table output:                                    2	00:00:00.02	00:00:00.12
Total run values:                                         508	00:00:02.52	00:00:08.63

Using a working set limited to 1562 pages and 856 pages of data storage (excluding image)

Total number object records read (both passes):   596
    of which 68 were in libraries and 84 were DEBUG data records containing 21192 bytes
1223 bytes of DEBUG data were written,starting at VBN 46 with 3 blocks allocated

Number of modules extracted explicitly             = 0
    with 2 extracted to resolve undefined symbols

0 library searches were for symbols not in the library searched

A total of 0 global symbol table records was written

LINK/MAP MOSS2TXT,MOSS2TXT_CLD,CMDLIN,GET_FILES,PROCESS_GR,PROCESS_OS,PROCESS_PR,LSL$LIBRARY:LSLSHR/OPT
